// Jest Snapshot v1, https://goo.gl/fbAQLP

exports[`Body Body component is rendered correctly 1`] = `
Object {
  "asFragment": [Function],
  "baseElement": <body>
    <div>
      <div>
        <div
          class="search-container"
        >
          <form
            class="form__input"
          >
            <input
              class="search-input"
              id="search"
              name="search"
              placeholder="Search for a country"
              type="search"
              value=""
            />
            <button
              aria-label="search-country"
              class="search-btn"
              type="submit"
            >
              <i
                class="fa-sharp fa-solid fa-magnifying-glass-location"
              />
            </button>
          </form>
        </div>
        <div
          class="grid"
        />
      </div>
    </div>
  </body>,
  "container": <div>
    <div>
      <div
        class="search-container"
      >
        <form
          class="form__input"
        >
          <input
            class="search-input"
            id="search"
            name="search"
            placeholder="Search for a country"
            type="search"
            value=""
          />
          <button
            aria-label="search-country"
            class="search-btn"
            type="submit"
          >
            <i
              class="fa-sharp fa-solid fa-magnifying-glass-location"
            />
          </button>
        </form>
      </div>
      <div
        class="grid"
      />
    </div>
  </div>,
  "debug": [Function],
  "findAllByAltText": [Function],
  "findAllByDisplayValue": [Function],
  "findAllByLabelText": [Function],
  "findAllByPlaceholderText": [Function],
  "findAllByRole": [Function],
  "findAllByTestId": [Function],
  "findAllByText": [Function],
  "findAllByTitle": [Function],
  "findByAltText": [Function],
  "findByDisplayValue": [Function],
  "findByLabelText": [Function],
  "findByPlaceholderText": [Function],
  "findByRole": [Function],
  "findByTestId": [Function],
  "findByText": [Function],
  "findByTitle": [Function],
  "getAllByAltText": [Function],
  "getAllByDisplayValue": [Function],
  "getAllByLabelText": [Function],
  "getAllByPlaceholderText": [Function],
  "getAllByRole": [Function],
  "getAllByTestId": [Function],
  "getAllByText": [Function],
  "getAllByTitle": [Function],
  "getByAltText": [Function],
  "getByDisplayValue": [Function],
  "getByLabelText": [Function],
  "getByPlaceholderText": [Function],
  "getByRole": [Function],
  "getByTestId": [Function],
  "getByText": [Function],
  "getByTitle": [Function],
  "queryAllByAltText": [Function],
  "queryAllByDisplayValue": [Function],
  "queryAllByLabelText": [Function],
  "queryAllByPlaceholderText": [Function],
  "queryAllByRole": [Function],
  "queryAllByTestId": [Function],
  "queryAllByText": [Function],
  "queryAllByTitle": [Function],
  "queryByAltText": [Function],
  "queryByDisplayValue": [Function],
  "queryByLabelText": [Function],
  "queryByPlaceholderText": [Function],
  "queryByRole": [Function],
  "queryByTestId": [Function],
  "queryByText": [Function],
  "queryByTitle": [Function],
  "rerender": [Function],
  "unmount": [Function],
}
`;
